# F8620 Handshake Capture
# Format: pkt_num timestamp_ms channel | hex_bytes
=== HANDSHAKE CAPTURE ===
Outputs ALL packets. Start with TX OFF, then turn ON.
Format: ms ch | hex_bytes
---
READY
#1 703 76 | AA AA B6 DD DF D6 BA BE D5 ED 7B 5A FE B5 D6 A5 CD 76 6E BA
#2 983 75 | AA AA BA 4F 6A AE 72 AB 5D 42 BA B5 52 56 7C 5E B0 62 29 55
#3 1073 77 | AA AA AA 95 54 A4 BD 53 2E D5 3F D5 BB AA 39 2D 55 BA B9 19
#4 2659 77 | 2A AA AA AA 52 52 EB 73 2A D6 AA DA 32 D2 AC A1 6A AE 92 2A
#5 3892 76 | AA AA A9 52 AA EB 55 4A B6 EB 5A BC 94 9B 9A D5 55 B2 4B D4
#6 5485 73 | AA 28 20 00 00 00 00 00 00 00 00 00 00 00 00 00 00 00 00 00
#7 5491 75 | AA A8 80 00 00 00 00 00 00 00 00 00 00 00 00 00 00 00 00 00
#8 5494 76 | AA AA A8 80 00 00 00 00 00 00 00 00 00 00 00 00 00 00 00 00
#9 5542 75 | AA AA AA A8 00 00 00 00 00 00 00 10 00 00 00 00 00 00 00 00
#10 5615 74 | D6 AF EF AF 7F FF FF FF FF FF FF FF FF FF FF FF F7 FF FF FF
#11 5621 76 | AA AA A0 80 82 00 00 00 00 00 00 00 00 00 00 00 00 00 00 00
#12 5624 77 | AA AA AA 00 00 00 00 00 00 00 00 00 00 00 00 00 00 00 00 00
#13 5629 73 | AA AA AA 00 00 00 00 00 00 00 00 00 00 00 00 00 00 00 00 00
#14 5633 74 | AA AA AA 08 00 00 00 00 00 00 00 00 00 00 00 00 00 00 00 00
#15 5648 75 | DD DB 7B FF FF FF FF FF FF FF FF FF FF FF FF FF FF FF FF FF
#16 5654 77 | D9 55 55 55 55 55 55 55 55 4A AB 6A AA AA B5 B6 A7 AA DB AE
#17 5664 75 | AA AA A8 80 80 00 00 00 00 00 00 00 00 00 00 00 00 00 00 00
#18 5689 74 | BD BB 7E FF FF FF FF FF FF FF FF FF FF FF FF FF FF FF FF FF
#19 5719 76 | AA AA A2 08 00 00 00 00 00 00 00 00 00 00 00 00 00 00 00 00
#20 5722 77 | AA AA A2 80 00 00 00 00 00 00 00 00 00 00 00 00 00 00 00 00
#21 5803 73 | AA AA AA 80 00 00 00 00 00 00 00 00 00 00 00 00 00 00 00 00
#22 5809 75 | AA AA AA 00 00 00 00 00 00 20 40 00 00 00 00 00 00 00 00 00
#23 5811 76 | AA AA AA 80 00 00 00 00 00 00 00 00 00 00 00 00 00 00 00 00
#24 5859 75 | AA AA A2 80 00 00 00 00 00 00 00 00 00 00 00 00 00 00 00 00
#25 6013 72 | AA A8 71 DE 15 43 89 D6 82 AF 48 47 6A E5 7F F6 FB F7 6E B2
#26 6044 73 | AA AA AA A2 08 00 00 00 00 00 00 00 00 00 00 00 00 00 00 00
#27 6047 74 | AA AA AA 82 04 00 00 00 00 00 00 00 00 00 00 00 00 00 00 00
#28 6071 73 | AA AA AA 22 00 00 00 00 00 00 00 00 00 00 00 00 00 00 00 00
#29 6077 75 | AA 82 0A 00 10 00 00 00 00 00 00 00 00 00 00 00 00 00 00 00
#30 6079 76 | AA AA A8 08 00 00 00 00 00 00 00 00 00 00 00 00 00 00 00 00
#31 6103 75 | AA AA A2 00 00 00 00 00 00 00 00 00 00 00 00 00 00 00 00 00
#32 6371 74 | B7 DB B7 FF FF FF FF FF FF FF FF FF FF FF FF FF FF FF FF FF
#33 6459 73 | AA AA AA 80 00 00 40 00 00 00 00 00 00 00 00 00 00 00 00 00
#34 6462 74 | AA AA AA 80 00 00 00 00 00 00 00 00 00 00 00 00 00 00 00 00
#35 6486 73 | AA AA A8 80 00 00 00 00 00 00 00 00 00 00 00 00 00 00 00 00
#36 6491 75 | AA 88 00 00 00 00 00 00 00 00 00 00 00 00 00 00 00 00 00 00
#37 6494 76 | AA AA AA 80 00 00 00 00 00 00 00 00 00 00 00 00 00 00 00 00
#38 6639 74 | DB FB 7F F7 BF FF FF FF FF FF FF FF FF FF FF FF FF FF FF FF
#39 6727 73 | AA AA A8 A8 00 00 00 00 00 00 00 00 00 00 00 00 00 00 00 00
#40 6730 74 | AA AA AA 88 20 00 00 00 00 00 00 00 00 00 00 00 00 00 00 00
#41 6754 73 | AA AA AA 88 00 00 00 00 00 00 00 00 00 00 00 00 00 00 00 00
#42 6759 75 | AA AA 22 A0 80 00 00 00 00 00 00 00 00 00 00 00 00 00 00 00
#43 6762 76 | AA AA AA A2 00 00 00 00 00 00 00 00 00 00 00 00 00 00 00 00
#44 6874 75 | 32 AA F8 EF 19 AC AE F6 7A B4 85 51 AD 88 37 4E F6 BE D5 45
#45 6995 73 | AA AA AA A2 80 00 00 00 00 00 00 00 10 00 00 00 00 00 00 00
#46 6999 74 | AA AA AA A0 00 00 00 00 00 00 40 00 00 00 14 00 00 00 00 00
#47 7022 73 | AA AA A8 A0 80 00 00 00 00 00 00 80 00 00 00 00 00 08 00 00
#48 7027 75 | AA AA AA 80 80 00 00 00 00 00 00 00 00 00 00 00 00 00 00 00
#49 7030 76 | AA AA AA 00 00 00 00 00 00 00 00 00 00 00 00 00 00 00 00 00
#50 7177 75 | 8A 80 00 00 00 00 00 01 00 00 00 00 00 00 00 00 00 00 00 01
#51 7299 75 | AA AA AA 88 00 00 00 00 00 00 00 00 00 00 00 00 00 00 00 00
#52 7312 75 | FF FF FF FF FE E9 DD 55 55 F6 55 4E ED 5A 68 B7 55 73 5C D5
#53 7410 73 | AA AA AA 08 00 00 00 00 00 00 00 00 00 00 00 00 00 00 00 00
#54 7413 74 | AA AA A2 00 00 00 00 00 00 00 00 00 00 00 00 00 00 00 00 00
#55 7437 73 | AA AA 80 80 00 00 00 00 00 00 00 00 00 00 00 00 00 00 00 00
#56 7442 75 | AA AA AA 28 00 80 00 00 00 00 00 40 00 00 00 00 00 00 00 00
#57 7445 76 | AA AA 2A A0 00 01 00 00 00 00 00 00 00 00 00 00 00 00 00 01
#58 7567 75 | AA AA A8 00 00 00 00 00 00 00 00 00 00 00 00 00 00 00 00 00
#59 7689 75 | AA AA 88 88 88 00 00 00 00 00 00 00 00 00 00 00 04 00 00 00
#60 7811 75 | AA A2 82 00 00 00 00 00 00 00 00 00 00 00 00 00 00 00 00 00
#61 7833 73 | 60 A0 C2 10 D5 5B 5F FD 35 7F 7E F6 D5 2B F4 D5 AB 6D EF 7F
#62 7841 76 | AA A2 80 08 00 00 00 00 00 00 00 00 00 00 00 00 00 00 00 00
#63 7843 77 | AA AA AA 80 08 00 00 00 00 00 00 00 00 00 00 00 00 00 00 00
#64 7849 73 | A0 00 00 00 00 00 00 00 00 00 00 00 00 10 00 00 00 00 00 38
#65 7852 74 | AA AA A8 80 80 00 00 00 00 00 00 00 00 00 00 00 00 00 80 02
#66 7947 72 | AD F7 7F FF FF FF FF FF FF FF FF FF FF FF FF FF FF FF FF FF
#67 7955 75 | AA AA AA A8 20 00 00 00 00 00 00 00 00 00 00 00 00 00 00 00
#68 7958 76 | AA AA A8 A8 00 00 00 00 00 00 00 00 00 00 00 00 00 00 00 00
#69 7982 75 | AA AA 28 A0 00 00 00 00 00 00 00 00 00 00 00 00 00 00 00 00
#70 8077 74 | B7 DB F7 FB DF FF FF FF FF F7 FF FF FF FF FF FF FF FF FF FF
#71 8103 74 | FD BB FF FF FF FF FF FF FF FF FF FF FF FF FF FF FF FF FF FF
#72 8110 76 | AA AA 22 20 80 00 00 00 00 00 00 00 00 00 00 10 00 00 00 00
#73 8113 77 | AA AA A8 A0 00 00 00 00 00 00 80 00 00 00 00 00 00 00 00 00
#74 8118 73 | AA AA AA 00 00 08 00 00 00 00 00 00 00 10 00 00 00 00 00 00
#75 8120 74 | AA AA 2A A0 00 00 00 00 00 00 00 00 00 00 00 00 00 00 00 00
#76 8193 73 | AA AA AA A8 00 00 00 00 00 00 00 00 00 00 00 00 00 00 00 00
#77 8199 75 | AA AA AA A8 00 00 00 00 00 00 00 00 00 00 00 00 00 00 00 00
#78 8202 76 | AA AA 82 82 00 00 00 00 00 00 00 00 00 00 00 00 00 00 00 00
#79 8223 74 | D7 7D 7F FF FF FF FF FF FF FF FF FF FF FF FF FF FF FF FF FF
#80 8226 75 | BF 6E BF FF FF FF FF FF FF FF FF FF FF FF FF FF FF FF FF FF
#81 8231 76 | AA A0 20 00 00 00 00 00 00 00 00 00 00 00 00 00 00 00 00 00
#82 8235 77 | AA AA AA A2 00 00 00 00 00 00 00 00 00 00 00 00 00 00 00 00
#83 8240 73 | AA AA A8 00 00 00 00 00 00 00 00 00 00 00 00 00 00 00 00 00
#84 8242 74 | AA AA AA 80 80 00 00 00 00 00 00 00 00 00 00 00 00 00 00 00
#85 8266 73 | AA AA A8 00 00 00 00 00 00 00 00 00 00 00 00 00 00 00 00 00
#86 8271 75 | AA AA 8A 80 20 00 00 00 00 00 00 00 00 00 00 00 00 00 00 00
#87 8274 76 | AA AA AA 80 00 00 00 00 00 00 00 00 00 00 00 00 00 00 00 00
#88 8323 75 | AA AA AA A0 00 00 00 00 00 40 00 00 00 00 00 00 00 01 00 04
#89 8469 74 | BF AF F7 7F FF FF FF FF FF FF FF FF FF FF FF FF FF FF FF FF
#90 8475 76 | AA AA AA 8A 00 00 00 00 00 00 00 00 00 00 00 00 00 00 00 00
#91 8478 77 | AA AA 28 00 00 00 00 00 00 00 00 00 00 00 00 00 00 00 00 00
#92 8483 73 | AA AA AA 8A 00 00 00 00 00 00 00 00 00 00 00 00 00 00 00 00
#93 8486 74 | AA AA A2 82 80 00 00 00 00 00 02 00 00 00 00 00 00 00 00 00
#94 8510 73 | AA AA A8 80 80 00 00 00 00 40 80 00 00 00 00 00 00 00 00 02
#95 8516 75 | AA AA AA 08 00 00 00 00 00 00 00 00 00 00 00 00 00 00 00 00
#96 8519 76 | AA AA AA 00 00 00 00 00 00 00 00 00 00 00 00 00 00 00 00 00
#97 8543 75 | AA AA AA 80 00 00 00 00 00 00 00 00 00 00 00 00 00 00 00 00
#98 8591 74 | AA BF 76 B7 FF FF FF FF FF FF F7 FF FF FF FF FF FF FF FF FF
#99 8622 76 | AA AA 80 00 00 00 00 00 00 00 00 00 00 00 00 00 00 00 00 00
#100 8625 77 | AA AA AA 20 00 00 00 00 00 00 00 00 00 00 00 00 00 00 00 00
#101 8630 73 | AA AA 20 00 08 00 00 00 00 00 00 00 00 00 00 00 00 00 00 00
#102 8633 74 | AA AA AA 88 20 00 00 00 00 00 00 00 10 00 00 00 00 04 00 00
#103 8648 75 | FE FA F7 FF FF FF FF FF FF FF FF FF FF FF FF FF FF FF FF FF
#104 8663 75 | AA AA A2 A0 00 04 00 00 00 00 00 00 00 00 00 00 00 00 00 00
#105 8666 76 | AA A8 28 00 00 00 00 00 00 00 00 00 00 00 00 00 00 00 00 00
#106 8689 75 | AA A8 80 00 00 00 00 00 00 00 00 00 00 00 00 00 00 00 00 00
#107 8957 74 | AA AB FB FD EF FF FF FF DF FF FF FF FF FF FE FF FF FF FF FF
#108 9012 76 | AA A8 80 00 00 00 00 00 00 00 00 00 00 00 00 00 00 00 00 00
#109 9015 77 | AA AA AA 00 00 00 00 00 00 00 00 00 00 00 00 00 00 00 00 00
#110 9063 76 | AA AA AA 08 00 00 00 00 00 00 00 00 00 00 00 00 00 00 00 00
#111 9069 72 | FD F6 F7 FF FF FF FF 7F FF FF FF FF FF FF FF FF FF FF FF FF
#112 9077 75 | AA AA AA 88 00 00 00 00 00 00 00 00 00 00 00 00 00 00 00 00
#113 9080 76 | AA AA AA A0 00 00 00 00 00 00 40 00 00 00 00 00 00 00 00 02
#114 9104 75 | AA AA A8 A0 00 00 00 00 00 00 00 00 00 00 00 00 00 00 80 00
#115 9348 75 | AB B7 AF 7F FF FF FF FF FF FF FF FF FF FF FF FF FF FF FF FF
#116 9445 74 | DF ED BF FF FF FF FF FF FF FF FF FF FF FF FF FF FF FF FF FF
#117 9451 76 | AA AA A8 00 00 00 00 00 00 00 00 00 00 00 00 00 00 00 00 00
#118 9454 77 | AA AA AA 88 00 00 00 00 00 00 00 00 00 00 00 00 00 00 00 00
#119 9459 73 | AA AA A2 00 00 00 00 00 00 00 00 00 00 00 00 00 00 00 00 00
#120 9462 74 | AA AA AA 80 00 00 00 00 00 00 00 00 00 00 00 00 00 00 00 00
#121 9484 72 | AA F5 EF FF FF FF FF FF FF FF FF FF FF FF FF FF F7 FF FF FF
#122 9492 75 | AA 8A 88 20 00 00 00 00 00 00 00 00 00 00 00 00 00 00 00 00
#123 9495 76 | AA A8 A2 00 00 00 00 00 00 00 00 00 00 00 00 00 00 00 00 00
#124 9519 75 | AA AA AA 20 00 00 00 00 00 00 00 00 00 00 00 00 00 00 00 00
#125 9591 74 | AF 6E DD FD FF FF FF FF FF FF FF FF FF FF FF FF FF FF 7B FF
#126 9622 76 | AA AA AA 88 28 40 01 00 00 00 00 00 00 00 00 00 00 00 00 00
#127 9625 77 | AA AA AA A0 00 00 00 00 00 00 00 00 00 00 00 00 00 00 00 80
#128 9630 73 | AA AA AA 80 00 00 00 00 00 00 00 00 00 00 00 00 00 00 00 00
#129 9633 74 | AA AA AA 00 00 00 00 00 00 00 00 00 00 00 00 00 00 00 00 00
#130 9647 74 | B2 A9 29 4A A5 4A 25 19 57 25 13 58 A5 AE 33 91 A5 7A 6A 28
#131 9687 75 | AA AA AA 28 00 00 00 00 00 00 00 00 01 00 00 00 00 00 00 00
#132 9690 76 | AA AA A2 A0 00 00 00 00 00 00 00 00 00 00 00 00 00 00 00 00
#133 10202 74 | D7 BF BF FF DF FF FF FF FF FF FF FF FF FF FF FF FF FF FF FF
#134 10208 76 | AA AA 80 00 00 00 00 00 00 00 00 00 00 00 00 00 00 00 00 00
#135 10211 77 | AA A8 20 00 00 00 00 00 00 00 00 00 00 00 00 00 00 00 00 00
#136 10340 73 | AA AA AA 20 00 00 00 00 00 00 00 00 00 00 00 00 00 00 00 00
#137 10346 75 | AA AA 80 08 00 00 00 00 00 00 00 00 00 00 00 00 00 00 00 00
#138 10349 76 | AA AA A8 A2 80 00 00 00 00 00 00 00 00 00 00 00 00 00 00 00
#139 10373 75 | A2 08 00 20 00 00 00 00 00 00 00 00 00 00 00 00 00 20 00 E3
#140 10470 75 | AB F7 77 FF FF FF FF FF FF FF FF F7 FF FF FF FF FF FF FF FF
#141 10476 76 | AA AA 0A 00 00 00 00 00 00 00 00 00 00 00 00 00 00 00 00 00
#142 10479 77 | AA AA AA 00 00 00 00 00 00 00 00 00 00 00 00 00 00 00 00 00
#143 10484 73 | AA AA 20 20 00 00 00 00 00 00 00 00 00 00 00 00 00 00 00 00
#144 10487 74 | AA AA 2A 80 00 00 00 00 00 00 00 00 00 00 00 00 00 00 00 00
#145 10590 75 | AA AA AA A0 00 00 00 00 00 00 00 00 00 00 00 00 00 00 00 00
#146 10593 76 | AA AA AA A0 08 00 00 00 00 00 00 00 00 00 00 00 00 00 00 00
#147 10614 74 | BB EE A9 BF FF FF FF FF FF FF FF FF FF FF FF FF FF FF FF FF
#148 10617 75 | EA B6 FE AE FF FF FF FF FF FF FF FF FF FF FF FF FF FF FF FF
#149 10622 76 | AA AA 80 00 00 00 00 00 00 00 00 00 00 00 00 00 00 00 00 00
#150 10626 77 | AA AA A0 80 00 00 00 00 00 00 00 00 00 00 00 00 00 00 00 00
#151 10753 73 | AA AA AA AA 00 00 00 01 00 00 00 00 00 00 00 00 00 00 00 00
#152 10756 74 | AA AA A8 A8 00 00 00 00 00 00 00 00 00 00 00 00 00 00 00 00
#153 10779 73 | AA AA A0 00 00 00 00 00 00 00 00 00 00 00 00 00 00 00 00 04
#154 10784 75 | AA AA AA 28 80 00 00 00 00 00 00 00 00 00 00 00 00 00 00 00
#155 10787 76 | AA AA AA 00 00 40 00 00 00 00 00 00 00 00 00 00 00 00 00 00
#156 10883 74 | AB DB 7F BF FF FF FF FF FF FF FF FF FF FF FF FF FF FF FF FF
#157 10909 74 | AB EF DD DF FF FF FF FE FF FF FF FF FF FF FF FF FF FF FF FF
#158 10941 76 | AA AA AA AA AA AA D2 B6 F5 2B AA 52 FB DB A1 6F 54 5A 92 9A
#159 10944 77 | AA AA A8 00 00 00 00 00 00 00 00 00 00 00 00 00 00 00 00 00
#160 11004 75 | AA AB 6D FF 00 2A AA AA AA AA AA AA AA AA 00 00 40 00 00 00
#161 11008 76 | AA AA A8 A8 00 00 00 00 00 00 00 00 00 00 00 00 00 00 00 00
#162 11056 75 | AA AA AA 00 00 00 00 00 00 00 00 00 00 00 00 00 00 00 00 00
#163 11153 75 | AA AA A8 80 80 00 00 00 00 00 00 00 00 00 00 00 00 00 00 00
#164 11169 76 | A9 6A B3 25 56 AD 2C B4 49 1D 15 0A AA 15 05 A9 40 AA 55 49
#165 11184 76 | AA AA AA 80 00 00 00 00 00 00 01 00 04 00 00 00 00 00 00 00
#166 11187 77 | AA AA AA 00 80 00 00 00 00 00 00 00 00 00 00 01 2B 95 12 91
#167 11210 76 | AA A2 80 00 00 00 00 00 00 00 00 00 00 00 00 00 00 00 00 00
#168 11212 77 | AA AA AA AA AA AD D7 95 69 ED BA D2 25 54 9C 2D 6B 69 21 09
#169 11267 73 | AA AA 0A 88 00 00 00 00 00 00 00 00 00 00 00 00 00 00 00 00
#170 11273 75 | AA AA AA 80 00 00 00 00 00 00 00 00 00 00 00 00 00 00 00 00
#171 11276 76 | AA AA A8 A0 00 00 00 00 00 00 00 00 00 00 00 00 00 00 00 00
#172 11324 75 | AA AA A0 A0 00 00 00 00 00 00 00 00 00 00 00 00 00 00 00 00
#173 11397 75 | AA AA AA AA 00 00 00 00 00 02 04 00 00 00 00 00 00 00 00 00
#174 11592 74 | F7 6F 7F FF FF FF FF FF FF FF FF FF FF FF FF FF FF FF FF FF
#175 11598 76 | AA AA A8 00 00 00 00 00 00 00 00 00 00 00 00 00 00 00 00 00
#176 11601 77 | AA AA AA 00 00 00 00 00 00 00 00 00 00 00 00 00 00 00 00 00
#177 11607 73 | AA 8A 8A 00 00 00 40 00 00 00 00 00 00 00 00 00 00 00 00 00
#178 11610 74 | AA AA AA 22 00 00 00 00 00 00 00 00 00 00 00 00 00 00 00 00
#179 11633 73 | AA A8 A0 80 00 00 00 00 00 00 00 00 00 00 00 00 00 00 00 00
#180 11638 75 | AA AA AA 88 00 00 00 00 00 00 00 00 00 00 00 00 00 00 00 00
#181 11641 76 | AA AA AA 82 20 00 00 00 00 00 00 00 00 00 00 00 00 00 00 40
#182 11741 76 | AA AA AA AA AA AA D5 EF AB 11 B3 CA AA 44 B5 A9 77 F5 FF D6
#183 13510 76 | AA AA AA AA AD 57 EC AB AB 9D 5E 7E AE F9 7D EE C7 6F F9 6D
#184 13611 76 | AA AA AA AA AA D5 4A A9 7D 5B 56 DE D5 DF 3F DA EB 5A AD 65
#185 14129 72 | AA AA AB AB ED 67 7E DA 6A 9D A9 93 55 5E AB 91 F5 F9 73 5A
#186 14200 76 | AA 95 55 55 55 55 4B D5 CB 52 17 59 4D 95 BD 96 A5 B4 D7 25
#187 16686 74 | AA AA AA AA AA AB F5 6A AB AD CA D4 4A A9 0A DA 99 34 A9 5A
#188 19520 76 | AA AD 55 4A AA AA F5 CD 5A 5A ED AB 39 4D 35 4A 13 2D 74 EF
#189 22789 76 | AA AA AA AA AA F5 BA 64 BD A5 5F AB F5 AF DB 57 D9 75 75 DB
#190 22945 74 | A5 55 52 AA A5 FE BF 6D DD BE DB 55 ED 7E FD 76 D6 FA DD BC
#191 23208 76 | AA AA AA AA AA AB 4A 6A B6 56 BB E2 6D AB 2B 4F 49 13 96 C8
#192 23378 75 | D5 5A D5 55 55 56 AA 26 B6 B6 FC 54 AE E0 47 D2 35 B5 EA D5
#193 23523 73 | EA 94 56 EA 2F 2D 2A D6 AB 6E F3 A4 B8 69 30 DA A5 55 6A 8B
#194 26058 72 | C6 76 B1 F5 CA DC F7 39 69 6F DB FE AF ED FB 73 D6 F5 ED 79
#195 26179 76 | AC 25 98 A7 1B EB BE AD FD 86 C6 88 29 50 EC A9 7B 15 2B 31
#196 32706 72 | D5 5B 7B 4B DF ED B5 BA F5 E5 FF D7 77 BA 67 5E BA DB F3 AE
#197 33216 76 | AA AA AA AA AA AA C6 E9 75 65 49 DB A6 EC 97 5E 95 AD AB 96
#198 34596 76 | AA AA AA AA AA AF DF 7B 6D D6 6B F4 67 B6 92 DB 2D AF AB 97
#199 34866 76 | AA AA AA AA AA AA BA AD FC E7 D5 29 57 2A D5 AF 55 5A E2 5D
#200 35709 76 | AA AA AA AA AA DA CA DB 55 E5 2A 97 70 ED AA BB 51 5E A9 76
#201 35946 76 | AA AA AA AA AA AA AB 6D E6 C2 D6 8A AD 7B F9 6B 7B 6E D4 F7
#202 36104 74 | AA AA BD 5E D1 85 D3 6D 5D 56 4C 6B 53 EF B6 D5 BD 6B 57 7A
#203 36219 76 | AA A5 55 55 55 73 6D AE B9 1B 55 96 96 52 1A ED 29 4A ED 55
#204 36243 74 | AA AA AA AA AA BE BE 56 BD 6A ED 57 AB 99 FD D3 F6 36 BD 5F
#205 36254 72 | AA AA AA AA AA AA DF 6D 29 45 6A D2 9A 96 F7 5F D2 B5 AE 56
#206 36324 74 | AA AA AA AA AA AD D9 DD A6 65 EA AE B6 B3 F6 ED 4D 55 E4 53
#207 36379 76 | AA AA D5 55 55 5A B5 79 FA A6 AF F3 D5 B3 BE F7 76 CE F5 FD
#208 36434 72 | AA AA AA AA 95 BD BB 95 6D 74 FD CA AA 3F 76 E5 76 D5 6A 16
#209 37444 76 | AA AA AA AA 55 52 AA A8 FE FA FC 2E 9F E3 7E BD DF C5 52 52
#210 38020 76 | AA AA AA AA B5 54 B5 E7 7B FB 5B EE EE DE D6 7A 5E DD 7D 52
#211 38273 74 | AA AA AA AA AA 9B 0B 56 DB 56 5B B6 B5 59 9A AE ED AC EC A9
#212 39043 74 | AA CB F5 6B 63 FF AD BA B9 16 FB 4F 56 C4 51 55 4D A2 AF D2
#213 41415 76 | AA AA AA AA AA DF 7B 93 B7 3B 6B 5D FD 55 DC 2D 40 B7 D2 DA
#214 41717 74 | AA AA AA AA AA B5 55 CF A5 AB 67 5A BC 29 DF 4F 3A F4 AD 54
#215 42006 77 | 95 1A D1 4C A8 A5 D7 5A B3 55 6A DA A5 AD AB F3 55 25 25 AB
#216 42335 76 | AA A9 55 55 55 56 9D 75 19 D5 55 D8 AB 54 BA 5B 35 56 A6 B4
#217 42447 76 | AA AA D5 6A 55 4B 95 E9 EF F7 B7 FB 35 DF 7B 7A F4 FB 93 FD
#218 43014 72 | AA AA AA AA AA AB B9 D6 2B D3 35 6D F9 B3 BE B2 88 2C 35 11
#219 43938 76 | AA AA AA AA AA B1 74 E2 AE AA D5 ED 32 AB F5 DB 6A D5 2C BA
#220 44538 76 | A9 55 2A B3 56 BA DD D5 AB 97 53 AE 8E B0 A8 97 DD FF 51 12
#221 44578 76 | AA FA CA CB D5 BB CF 55 AF 5A B7 21 EA FD CD 7F 36 B7 D5 9A
#222 44848 76 | AA AA AA AA AA AB 4A 95 75 F2 EB B6 AC B5 56 AF 5A 9B A5 AB
#223 45168 76 | AA AA AA AA AA A9 59 6E EB FE F4 B5 78 9A 35 37 55 B7 A3 7B
#224 45301 74 | AA AA AA AA AA AA 5A 53 73 7A EE BC E4 E3 BC BD 5D 5C 6F 75
#225 45452 74 | AA AA AA AA AA AD AB 55 55 5A B6 D5 BE D7 95 59 62 29 77 65
#226 46022 72 | AA AA AA AA AA AA AA 6A D5 7E AB F7 45 52 99 5D 58 9B 59 D7
#227 46154 76 | AA CA AA AA AA A7 6B D5 AD 9B DF D7 6F B6 55 DA BE B2 B4 BB
#228 46295 72 | CF B6 AB 57 75 BA AF B3 6B 68 CD 55 45 55 EB 2A FA DF DA BD
#229 47922 74 | AA AA AA AA AA B6 EB 52 D5 56 B5 7B F6 DF AD BE AB 79 DA BB
#230 50601 72 | AA AA AA AA AA AA DA AA DA 55 BA F5 4B A5 D5 3A 9D 97 BA 53
#231 50636 76 | AA AA AA AA AA AF 96 2D 59 AB B5 BA F4 A8 A5 55 53 D2 AC 55
#232 51016 76 | AF 9D BC AB B2 72 33 9D 65 55 93 D5 7C 72 A9 59 2B 20 5F 02
#233 51156 72 | 8D 55 FA BD 27 4D 66 5A 49 47 AA AA AA BA B2 AB 5B AB AA AB
#234 51342 72 | 54 D1 AB 6E 52 BB 25 76 B9 D5 B7 AA F6 AD D7 55 6B 95 10 A5
#235 51412 76 | AA AA AA AA AA AB 5D DA AA 77 9F 35 F3 6F D9 AD AB 5F 2B 51
#236 51520 73 | 92 AA A9 55 57 DA DC AE AB DE AF B7 EE DA D5 AE 64 61 EA 5B
#237 52443 76 | AA AA AA AA AA BD 7A D3 CB F5 B7 6B EB B5 B4 F9 59 55 8A FD
#238 53270 74 | AA AA AA AA AA BA DF 16 B2 EF 97 AF EE 5E AF 55 56 D6 AD F5
#239 53276 76 | AA D5 2F E9 5D 55 5F 7B 5C D5 4A F4 34 D6 B9 7D 9A DB CD B5
#240 53677 74 | 95 55 23 3A E3 5D AE 52 BD 2D 56 AB ED 6F D5 A9 4E B4 A6 AB
#241 54902 77 | AA AA AA AA AA AA EA D5 DF 89 01 5A AA C3 47 6A 91 C9 89 8F
#242 55122 76 | AA AA AA AA AA DD 55 A9 FB 5E 9D 59 FB AE EF DA A3 6B E5 79
#243 57648 76 | 5B 22 FB 55 6A 94 A5 55 D5 BF 54 95 2A DD AD 3B 6A DE BA BD
#244 63161 76 | AA AA AA AA AA BD 7E 3D 5B 81 F3 AB 9D D1 58 AD B5 F6 EB DE
#245 63491 76 | AA AA AA AA AA 95 A7 D3 DC B5 BF 9F 4E A6 17 52 BD D7 73 DD
#246 64155 72 | 95 55 52 A5 55 63 14 3C 7A BD 25 5B D5 54 5A F6 A1 09 AC D1
#247 64329 72 | AA A5 55 55 55 56 6D E6 F5 AD EA AF 6D 7F 6B 6C E5 56 EA A7
#248 64659 72 | AA AA AA AA AA B5 BA AA EA 49 7F D5 BB BB D5 20 4A 0A 8B 95
#249 65084 76 | B5 2A F5 1B B5 52 B5 BC 4D 53 29 26 91 05 4D 96 DB 6A BB 22
#250 65123 76 | AA AA 95 49 55 5D 57 69 37 5A 6B B2 F5 96 BD 69 AB D1 79 76
#251 65126 77 | AA AD 57 92 9D 56 9A B5 B2 5D D5 4F 79 EC 76 BF BD 6E EB EE
#252 65384 76 | AA AA AA AA AA AA AA B5 E0 52 ED 4D 3A A8 6C BA A2 7A A4 91
#253 65644 76 | AA AA AA AA AA A7 CD 65 55 6B 57 EF 51 6E 65 DA B8 8F D4 6C
#254 65903 76 | AA AA AA AA AA AE EB 4A BD 55 1A D5 BE 99 DD 5B B5 17 75 D7
#255 66257 74 | AA AA AA AA AA B5 A9 96 AD 4A BF EA 19 0A A5 76 DB BB DB 7E
#256 66300 76 | AA AA AA AA AA B9 2B 2D 4A DD F2 B5 6B AA D6 7B 6A AE 5D 55
#257 66348 74 | EB 57 7E FB 53 F4 4A 8A 52 55 D0 8C D2 FC 02 AB F5 52 B5 BB
#258 66557 74 | AA AA A9 33 CA B2 9C FB B6 99 3B CF F6 EE E4 9B 9F CB AE BD
#259 66597 74 | F6 D6 D6 A5 ED 52 3D 2D 6A B5 AA B2 D6 B9 AA 52 DD 5B 6A E5
#260 66779 72 | A9 55 54 AA AA B2 BA 8B 55 96 D7 54 EF 4A A1 AA F2 B5 2D 55
#261 67329 72 | AB 56 AA AA EA EB D7 57 1D 9A F7 EE CC AD 6B 5A D7 3B AB 5D
#262 68218 76 | AA AA AA A5 5A AF 6D 56 AB 5D 54 AC B2 EB A3 8A 23 8C 21 51
#263 68462 74 | AA AA AA AD 55 55 4E ED 5D DA B6 55 63 6B 55 65 7A 5B E9 AB
#264 68643 72 | AA AA AA AA AB 6A AA AA AC F5 55 AA AC F9 24 B5 B3 AD 6A B5
#265 69422 76 | AA AD 55 49 55 2A A5 3D 49 1D 65 38 69 44 F6 AB 5A C7 9F 94
#266 72389 77 | CB 55 A9 95 55 45 B1 B4 D5 4A 96 29 53 54 A2 BB 89 AA AA AA
#267 73059 76 | AA AA AA AA AA BA EA EE D5 7A 75 A9 68 9F 57 D2 8F AD 6D 13
#268 76658 76 | AA AA AA AA AA F4 C5 97 D6 4D 4E D5 0E DB 54 B2 D9 A5 B5 57
#269 76673 76 | 95 51 55 49 52 AA 5F 5E C8 B5 DB B5 2E FD FF EA D6 8D AB FE
#270 76797 76 | 55 55 55 55 55 55 63 25 A5 EA AA 8D 6D 55 AE F6 91 2E C9 69
#271 81809 75 | AA AA 95 6A B5 5D 56 EB 4A A6 AC AA 97 D1 A2 5B 29 55 A5 55
#272 82447 76 | AA AA AA AA AA DE AB 4A AB DB B5 EE AC DC DB EE 7F 7F 77 7F
#273 82657 76 | AA A9 55 49 52 AA EA 9A AD 55 B5 68 F4 89 55 07 D1 3A A5 95
#274 84487 76 | AA AA AA AA AA 96 D5 4A BF CA ED 52 E3 5D 1D A5 2D 7B B7 6A
#275 84697 76 | AA AA AA AA AA 97 AC AF 4A 92 A1 5D 58 49 5D 61 AB B5 34 B9
#276 85076 76 | AA 55 2A AA AA A9 F2 D1 23 76 A3 76 D5 57 36 8D 55 F4 EC 27
#277 85566 76 | AA AA AA AA AA B6 AA DB 28 DC A7 77 45 A4 AC 12 FC 93 64 90
#278 86606 77 | AA 8B 59 96 6B 4D 52 AC B5 7D A2 EA BC 6E AD F6 57 55 55 5A
#279 92555 76 | AA AA AA AA 55 25 FB AB 95 58 3C FE F3 7A F6 DA 6D 57 11 57
#280 93155 76 | AA AA AA AA AA AB 55 7A 55 DD 9E E4 D3 B7 4A 52 2E 25 B6 58
#281 93205 76 | AA AA AA AA AA CE DB F7 2A 69 66 A5 35 57 7B 54 CA DD 6F 55
#282 93245 77 | AA AA AA AA AA AE B5 5B AA BA FB B5 AA A4 D5 6B D5 57 4D E9
#283 93478 76 | 60 AC C0 4E 5F 59 7F BD 77 FF BE D5 4A D9 2B AB 5F FB EA FE
#284 94431 76 | AA AA AA AA AA AA CD 6B 1B 6F 78 FA 9D DB 7B 7B AC A5 5D FB
#285 95164 76 | AA AA AA AA AB C9 4D ED BA B7 C3 66 5F 6F EE DF BF AB DE 1E
#286 103337 72 | BA DA 95 AD 5A EB 56 EC 5A 39 AF 3E 37 9D 27 E1 77 6D AD 5D
#287 105828 72 | 8B 55 46 9D 56 08 D3 4A BA E4 AD F1 6C E6 EE F7 57 B5 DA A2
#288 106803 76 | AA AA AA AA AA A9 77 7A 8B 0C 8A B6 20 46 8A 81 2B 49 50 D5
#289 112461 76 | D5 54 EF AA B8 F7 FA F5 85 75 37 B4 26 54 51 6A AD 53 26 2A
#290 113731 76 | AA AA AA AA AA AB 7B AF BA EB D6 BA EF 6B 5B DA 75 CD 5D 3B
#291 113999 75 | 10 44 AA 2B 85 AE B5 42 6B AA CA AE 5D 69 97 CA 69 76 9B 2A
#292 116611 76 | AA AA AA AA B6 B7 7A 96 85 DA D7 54 BE DB 56 B8 AD 35 6D 54
#293 123554 72 | AA 95 59 AA 55 7F FF 75 FF D7 BD 5F EE AF BB 6F FF F5 B9 FF
#294 123589 77 | AA AA AA AA AA A5 6B 5E 5F 56 B3 6D BD CB 75 5D DB 55 57 CB
#295 123809 76 | AA AA AA AA AA AA 77 9A 9D F2 7A D5 D7 56 DC FD F6 BD AB 46
#296 133468 76 | AA AA AB 46 25 96 DC EF 55 4F 4D E1 99 AD 55 E2 AB 15 AA 9D
#297 133727 76 | AA AA AA AA AB AB 3B 7D B5 2D BA F6 AB EE 4B EB B7 7D DD 36
#298 134642 74 | AB C9 05 DD 6A F7 77 D5 F7 B6 DF 0A BD B1 A4 47 D5 77 77 B5
#299 136067 72 | A9 55 2A AA A9 56 BD 5F F7 5B A5 17 BB 5F 9A D5 DB FC EA CE
#300 136577 76 | AA AA AA AA AA B5 E6 FE 5F E9 CB 9F 6D 6A D8 34 D4 2D 5A 65
#301 143505 77 | AA 96 AA A4 AB 65 56 B9 2E B6 AD 4A AD 7A D5 53 21 35 72 48
#302 143635 74 | A6 94 AA AA AA AA BF 32 F9 F7 6E AB 55 95 55 F3 57 57 EB 6E
#303 144495 76 | AA AA AA AA AA 6B E4 EA B3 62 55 69 EC D0 DD 34 6C A4 99 5A
#304 145095 76 | AA AA AA AA AA B6 D5 50 B6 B4 D5 25 B7 7E 52 52 D9 54 CA 5F
#305 147205 76 | AA AA AA AA AA A5 DB 55 AF 15 57 AD 63 D9 96 EA EB B6 AD 49
#306 155210 73 | 55 55 54 BD 55 96 5E BE D9 52 D6 FF 55 77 EF 7F 57 AD 55 53
#307 155243 76 | AA AA AA AA AA A9 ED 7B 5E 75 DF 75 AB D6 2D 52 5B 4A B7 13
#308 155353 75 | 54 2A 55 22 AA A9 F9 B6 BE F2 F3 A5 AF 42 93 D3 5A BF 29 5B
#309 155602 76 | AA AA AA AA AA AF BD E9 7F F5 69 F7 D4 93 AE EB A6 F9 77 F7
#310 157363 76 | AA AA AA AA AA D5 35 4D DD 55 DB F7 7E B7 56 AE FA CA D5 AE
#311 157583 76 | AA AA AA AA AA 4C A9 74 4B D1 B5 A5 B5 69 7D 7F D4 22 DB 6B
#312 157687 72 | EA AD 55 69 55 A6 EE E7 4A 97 5F 5F 74 E5 DA BE F4 AA EB 84
#313 157902 75 | AB 56 AA AA AB 76 B3 FD F7 7D FB 31 6D 6A 3A FD 35 75 79 7B
#314 163552 76 | AA 9F 95 EE CB AF B9 D6 AD 7D 46 45 16 BE D2 75 D4 55 9A 51
#315 164261 76 | AA AA AA AA AA A3 7D 95 E9 9E F6 DC AA B7 4E A5 EF 56 F5 E1
#316 165970 76 | AA AA AA AA AA AA D6 CC AB BC 4D 69 4A AE BD 5A A9 F5 3E A5
#317 166401 76 | AA AA AA AA AA 9F 5A ED 29 BC 00 AA 52 04 09 E9 01 09 0A 08
#318 166461 75 | AA 95 55 55 55 53 5C EA 5A 95 DD CB AE DF 5A AB 6C AC B6 A8
#319 166601 76 | AA AA AA AA AA BA 6A 8B 6D AF BA DC 56 FD 63 37 B5 FC BA 2B
#320 166761 76 | AA AA AA AA AA AF 17 57 67 99 4C 73 AA D6 BD 6F BA B1 52 2D
#321 173809 76 | AA AA AA AA AA 94 AD D7 8A BF D5 2A FE AE F2 AD B6 EF 7B 56
#322 173960 76 | 55 45 55 25 2A AD 56 D5 15 56 AE DD 53 D5 B5 FB 7F 75 FF AF
#323 174229 76 | AA AA AA AA AA DF 2A 46 81 97 CC 14 EF 8B 81 20 17 35 B7 2B
#324 174609 76 | AA AA AA AA AA BC BC 6E AD AD 5A A7 22 A9 AE FD DE 3F EA A2
#325 174777 73 | 95 55 55 55 6D 57 94 AA AA AB 96 AE 7A FD 6A B3 4F AB 64 94
#326 175699 76 | AD 55 55 55 55 5D AB ED AB 6F FD 56 54 D4 DA B5 6C AA D5 F8
#327 176739 76 | AA AA AA AA AA B6 D0 EB 1E 55 FA 99 2A B7 95 36 FA 25 21 28
#328 182894 74 | AA AA AA AA AA A5 E6 D6 AB B5 5D 59 90 3A 36 B5 28 8A D2 0A
#329 183075 72 | AA AA AA AA AA ED FA DF 65 6A AB 3A B5 52 AA D7 35 4A D3 DD
#330 183115 72 | AA AA AA AA AA AD 6E AB 7D B9 55 6B AB AD B6 F6 95 B2 D3 A1
#331 183194 74 | AA AA AA AA AA B4 FA 4B 72 AD 5F 5D D2 76 5F 5E DB DE ED 4A
#332 183205 72 | AA AA AA AA AA AA DE DA 94 AB 6D AA 5B F2 54 BE 2A 6B 4A DF
#333 183224 74 | 95 55 57 7F AE B7 5F 99 6D 55 0E B5 56 C9 B9 16 D7 BB B2 FE
#334 183685 72 | AA AA AA AA AA AF B7 94 AD 7D 9A E6 DD DD 92 7B FD 8F 6B DE
#335 184000 76 | AA AA AA AA AA AA CB 56 AA EA D5 AA D5 25 29 B2 4A E5 75 15
#336 184430 76 | AA 95 55 55 55 6B B2 DD A4 AB 4D CA AD D2 5B 57 DE DE F7 DA
#337 185734 74 | AA AA AB 55 AA AA 47 7B 9C C7 1F D3 BC F5 5E DE AA 5B 69 DB
#338 185745 72 | AA AA AA AE AC A2 AB 2B 5B 55 5A A5 75 2A BF AB 9A AF 5C F3
#339 186137 72 | AA AA 95 55 55 55 5E BA FC D6 B6 6B 5F 5B BB 5A B5 D5 AF 75
#340 186769 76 | AA AA AA AA EA BD 7F 7B 4D 7E AD 2A AA 65 FB 5A 9A 95 9A 51
#341 187089 76 | A4 A5 2A AE FA 35 35 9C B6 BB 56 AD 55 2A 65 B5 B9 49 E5 6E
#342 187249 76 | A5 52 AA AA DE EA D5 55 54 EF A5 7B BA AB 2D BA AC AD 97 CE
#343 187299 76 | AA AA AA AA 53 B2 AB 57 2A 2A A6 BE B5 E9 A9 DF 9D 25 60 C3
#344 187607 76 | 55 4A AA AA 55 55 7A 35 54 CD AF 96 B6 9E BB 3D 6B B2 A4 D5
#345 187867 76 | AA AA AA AA AA AC DA BA AF 57 EA FA EA BA 26 C8 B4 D2 DA E5
#346 188137 76 | AA AA AA AA AA 96 DB A9 6D 4F EB FC F6 AE D5 D5 7B F7 ED A7
#347 188147 74 | AC 86 D7 79 35 D8 9F FF AF 2E A8 F4 69 12 BE DC 9F FD BF D0
#348 188387 76 | AA AA AA AA AA BA B4 E5 4A AD B4 BA B4 93 4B AA 55 55 55 5D
#349 188597 76 | AA AA AA AA AA B5 2B 59 A3 DD 55 5B 3B C9 24 4C 2A A2 B4 2C
#350 195425 76 | 55 55 55 52 A5 36 F9 2D 52 A8 D6 96 93 4D 61 38 5E 95 AB F7
#351 204913 76 | AA AA AA AA AA AA 99 35 CD 92 A4 F1 AA EA C5 CD 5D 7D 45 6F
#352 205234 76 | AA AA AA AA AA A6 A5 75 7A AB 6D 56 56 FB 74 B5 5B A3 3B 6A
#353 216841 76 | AA AA AA AA AA B6 A5 3E 9A CC FE AB AA 94 D5 AE F5 48 71 86
#354 216953 76 | AA AA D4 AA AA 55 53 BD D1 A6 D6 D6 D6 F9 A9 61 75 AE D0 EE
#355 217122 74 | AA AD 55 C1 90 EA AC EF 70 0A 2A CD 55 97 27 17 EE A5 3E BE
#356 217201 76 | AA AA AA AA AA D7 0D 90 EC 95 5B 6B 56 2C 95 CB B4 59 AA AA
#357 217313 76 | AD 2A B5 04 32 04 DF 3B F6 BF 55 7B AD B5 5F 77 B7 CE 57 EA
#358 217451 76 | AA AA AA AA AA CC DB D7 B2 BE DA 95 A0 6B 4D BA DF AA 7A 9A
#359 218051 76 | AA AA AA AA AA AA 6D B5 D5 EB 6A AD 94 DA A5 B6 F5 5F AA EB
#360 219068 72 | 45 65 5D 4D 25 7A AA 7A E9 FB DE DD 6D 1C CF AF 72 F2 AD EF
#361 220057 72 | AA AA AB 55 4D D7 B3 D4 36 8B 6B EC CE 37 52 41 11 5E 5E A9
#362 221457 76 | AA EA AA 97 BD AE B2 D5 69 DD 26 9D 75 6C 8B 6A 2E B5 AB A7
#363 225104 76 | AA AA AA AA AA AA AF 3D B5 97 A6 5A B4 AA E7 AB 97 AB A9 22
#364 225959 76 | AA AA AA AA AA B4 55 4A 93 2A B7 35 5A B1 64 12 99 51 2B 5A
#365 226169 76 | AA D9 BE BA 94 F5 55 8D F4 DF D5 EF 0A 7F 6E AA 95 22 AB BE
#366 226270 76 | B5 55 56 AA AA BE 9B 6F 52 D6 EF EB BA 5A B6 53 AD B1 35 7E
#367 226419 76 | AA AA AA AA AA FD 6D B6 A9 35 59 7D F4 D3 5A E7 0A E8 0B 76
#368 228579 76 | AA AA AA AA AA 76 9D 3B 73 5D 7B BB BD 56 BF 7D F7 BF 39 6B
#369 236187 76 | AA AA A4 ED AB EF 5D 55 57 FD 6A AD ED EF AA B5 59 35 28 E5
#370 236288 77 | AA AA AA AA AA AA 93 76 85 75 6D 4F 56 FE 7E 9E 59 FA B6 AB
#371 236557 76 | AA AA AA AA AA 96 E5 BA B6 B7 5B 96 15 AC 97 BB AE EA CD B5
#372 237597 77 | B5 55 55 AA B8 B5 25 36 FB 2A 6A 52 B4 A7 53 45 56 75 6A AC
#373 238087 77 | AA AA AA AA D5 5E F6 CD 2A A5 54 B5 5A AF B6 B7 6B 59 7D B5
#374 238197 76 | D5 55 55 55 55 5B F2 D6 CD 59 F7 75 D6 B7 57 55 6F 74 DF DE
#375 238737 76 | AA AA AA AA AA AE 7B 54 D5 DE AB FA BE CD 5C BB 5A AF 5A 56
#376 245226 76 | AA AA AA AA AA AF BA 7E 2B 75 DB B6 25 5E AF 79 75 B5 5B EB
#377 245545 76 | AA AA AA AA AA DE B4 EE EC 4A BF AA AD 2F 64 E7 57 4B E7 5B
#378 246036 76 | B5 59 57 CF 1A 1A AD 5A 9F DA D2 BA 92 82 96 99 A4 BF 5E AA
